[A1] start Thu Jun  4 05:02:13 CST 2026
W0604 05:02:17.293400 1999032 site-packages/torch/distributed/run.py:793] 
W0604 05:02:17.293400 1999032 site-packages/torch/distributed/run.py:793] *****************************************
W0604 05:02:17.293400 1999032 site-packages/torch/distributed/run.py:793] Setting OMP_NUM_THREADS environment variable for each process to be 1 in default, to avoid your system being overloaded, please further tune the variable for optimal performance in your application as needed. 
W0604 05:02:17.293400 1999032 site-packages/torch/distributed/run.py:793] *****************************************
[W604 05:02:19.097178947 CUDAAllocatorConfig.h:28] Warning: expandable_segments not supported on this platform (function operator())
[W604 05:02:19.097218766 CUDAAllocatorConfig.h:28] Warning: expandable_segments not supported on this platform (function operator())
Initialized distributed mode...
cfg:  {'task': 'detection', '_model': None, '_postprocessor': None, '_criterion': None, '_optimizer': None, '_lr_scheduler': None, '_lr_warmup_scheduler': None, '_train_dataloader': None, '_val_dataloader': None, '_ema': None, '_scaler': None, '_train_dataset': None, '_val_dataset': None, '_collate_fn': None, '_evaluator': None, '_writer': None, 'num_workers': 0, 'batch_size': None, '_train_batch_size': None, '_val_batch_size': None, '_train_shuffle': None, '_val_shuffle': None, 'resume': None, 'tuning': '/home/wang.kui/proj/RTDETR/RT-DETR_copy copy/rtdetrv2_r50vd_6x_coco_ema.pth', 'epoches': 90, 'last_epoch': -1, 'use_amp': True, 'use_ema': True, 'ema_decay': 0.9999, 'ema_warmups': 2000, 'sync_bn': True, 'clip_max_norm': 0.1, 'find_unused_parameters': False, 'seed': 0, 'print_freq': 100, 'checkpoint_freq': 1, 'output_dir': './output/rtdetrv2_r50vd_6x_visdrone_p2_dq_a1_count', 'summary_dir': None, 'device': '', 'yaml_cfg': {'task': 'detection', 'evaluator': {'type': 'CocoEvaluator', 'iou_types': ['bbox']}, 'num_classes': 10, 'remap_mscoco_category': True, 'train_dataloader': {'type': 'DataLoader', 'dataset': {'type': 'CocoDetection', 'img_folder': '/mnt/sdb/dataset/2D/VisDrone2019/VisDrone2019-DET-train/images', 'ann_file': '/mnt/sdb/dataset/2D/VisDrone2019/VisDrone2019-DET-train/train.json', 'return_masks': False, 'transforms': {'type': 'Compose', 'ops': [{'type': 'RandomPhotometricDistort', 'p': 0.5}, {'type': 'RandomZoomOut', 'fill': 0}, {'type': 'RandomIoUCrop', 'p': 0.8}, {'type': 'SanitizeBoundingBoxes', 'min_size': 1}, {'type': 'RandomHorizontalFlip'}, {'type': 'Resize', 'size': [640, 640]}, {'type': 'SanitizeBoundingBoxes', 'min_size': 1}, {'type': 'ConvertPILImage', 'dtype': 'float32', 'scale': True}, {'type': 'ConvertBoxes', 'fmt': 'cxcywh', 'normalize': True}], 'policy': {'name': 'stop_epoch', 'epoch': 71, 'ops': ['RandomPhotometricDistort', 'RandomZoomOut', 'RandomIoUCrop']}}}, 'shuffle': True, 'total_batch_size': 4, 'num_workers': 16, 'drop_last': True, 'collate_fn': {'type': 'BatchImageCollateFunction', 'scales': [480, 512, 544, 576, 608, 640, 640, 640, 672, 704, 736, 768, 800], 'stop_epoch': 71}}, 'val_dataloader': {'type': 'DataLoader', 'dataset': {'type': 'CocoDetection', 'img_folder': '/mnt/sdb/dataset/2D/VisDrone2019/VisDrone2019-DET-val/images', 'ann_file': '/mnt/sdb/dataset/2D/VisDrone2019/VisDrone2019-DET-val/val.json', 'return_masks': False, 'transforms': {'type': 'Compose', 'ops': [{'type': 'Resize', 'size': [640, 640]}, {'type': 'ConvertPILImage', 'dtype': 'float32', 'scale': True}]}}, 'shuffle': False, 'total_batch_size': 8, 'num_workers': 8, 'drop_last': False, 'collate_fn': {'type': 'BatchImageCollateFunction'}}, 'print_freq': 100, 'output_dir': './output/rtdetrv2_r50vd_6x_visdrone_p2_dq_a1_count', 'checkpoint_freq': 1, 'sync_bn': True, 'find_unused_parameters': False, 'use_amp': True, 'scaler': {'type': 'GradScaler', 'enabled': True}, 'use_ema': True, 'ema': {'type': 'ModelEMA', 'decay': 0.9999, 'warmups': 2000}, 'epoches': 90, 'clip_max_norm': 0.1, 'optimizer': {'type': 'AdamW', 'params': [{'params': '^(?=.*backbone)(?!.*norm).*$', 'lr': 5e-06}, {'params': '^(?=.*(?:encoder|decoder))(?=.*(?:norm|bn)).*$', 'weight_decay': 0.0}], 'lr': 2.5e-05, 'betas': [0.9, 0.999], 'weight_decay': 0.0001}, 'lr_scheduler': {'type': 'MultiStepLR', 'milestones': [1000], 'gamma': 0.1}, 'lr_warmup_scheduler': {'type': 'LinearWarmup', 'warmup_duration': 2000}, 'model': 'RTDETR', 'criterion': 'RTDETRCriterionv2', 'postprocessor': 'RTDETRPostProcessor', 'use_focal_loss': True, 'eval_spatial_size': [640, 640], 'RTDETR': {'backbone': 'PResNet', 'encoder': 'HybridEncoderP2', 'decoder': 'RTDETRTransformerv2'}, 'PResNet': {'depth': 50, 'variant': 'd', 'freeze_at': 0, 'return_idx': [0, 1, 2, 3], 'num_stages': 4, 'freeze_norm': True, 'pretrained': True}, 'HybridEncoder': {'in_channels': [512, 1024, 2048], 'feat_strides': [8, 16, 32], 'hidden_dim': 256, 'use_encoder_idx': [2], 'num_encoder_layers': 1, 'nhead': 8, 'dim_feedforward': 1024, 'dropout': 0.0, 'enc_act': 'gelu', 'expansion': 1.0, 'depth_mult': 1, 'act': 'silu'}, 'RTDETRTransformerv2': {'feat_channels': [256, 256, 256, 256], 'feat_strides': [4, 8, 16, 32], 'hidden_dim': 256, 'num_levels': 4, 'num_layers': 6, 'num_queries': 900, 'num_denoising': 100, 'label_noise_ratio': 0.5, 'box_noise_scale': 1.0, 'eval_idx': -1, 'num_points': [4, 4, 4, 4], 'cross_attn_method': 'default', 'query_select_method': 'default', 'num_classes': 10, 'use_dq': True, 'use_dynamic_query': False, 'count_bins': [24, 42, 70], 'dynamic_query_nums': [300, 500, 900, 1200]}, 'RTDETRPostProcessor': {'num_top_queries': 300}, 'RTDETRCriterionv2': {'weight_dict': {'loss_vfl': 1, 'loss_bbox': 5, 'loss_giou': 2}, 'losses': ['vfl', 'boxes'], 'alpha': 0.75, 'gamma': 2.0, 'matcher': {'type': 'HungarianMatcher', 'weight_dict': {'cost_class': 2, 'cost_bbox': 5, 'cost_giou': 2}, 'alpha': 0.25, 'gamma': 2.0}, 'use_count_loss': True, 'count_bins': [24, 42, 70], 'lambda_count': 0.2}, '__include__': ['./rtdetrv2_r50vd_6x_visdrone_p2.yml'], 'HybridEncoderP2': {'in_channels': [256, 512, 1024, 2048], 'feat_strides': [4, 8, 16, 32], 'hidden_dim': 256, 'expansion': 1.0, 'use_dq': True, 'use_cgfe': False, 'num_count_classes': 4, 'count_bins': [24, 42, 70]}, 'config': 'configs/rtdetrv2/rtdetrv2_r50vd_6x_visdrone_p2_dq_a1_count.yml', 'tuning': '/home/wang.kui/proj/RTDETR/RT-DETR_copy copy/rtdetrv2_r50vd_6x_coco_ema.pth', 'seed': 0, 'test_only': False, 'print_method': 'builtin', 'print_rank': 0}}
Start training
Initialized distributed mode...
Load PResNet50 state_dict
tuning checkpoint from /home/wang.kui/proj/RTDETR/RT-DETR_copy copy/rtdetrv2_r50vd_6x_coco_ema.pth
/home/wang.kui/proj/RTDETR/DQ_RTDETRv2_P2/rtdetrv2_pytorch/tools/../src/solver/_solver.py:155: FutureWarning: You are using `torch.load` with `weights_only=False` (the current default value), which uses the default pickle module implicitly. It is possible to construct malicious pickle data which will execute arbitrary code during unpickling (See https://github.com/pytorch/pytorch/blob/main/SECURITY.md#untrusted-models for more details). In a future release, the default value for `weights_only` will be flipped to `True`. This limits the functions that could be executed during unpickling. Arbitrary objects will no longer be allowed to be loaded via this mode unless they are explicitly allowlisted by the user via `torch.serialization.add_safe_globals`. We recommend you start setting `weights_only=True` for any use case where you don't have full control of the loaded file. Please open an issue on GitHub for any issues related to this experimental feature.
  state = torch.load(path, map_location='cpu')
/home/wang.kui/proj/RTDETR/DQ_RTDETRv2_P2/rtdetrv2_pytorch/tools/../src/solver/_solver.py:155: FutureWarning: You are using `torch.load` with `weights_only=False` (the current default value), which uses the default pickle module implicitly. It is possible to construct malicious pickle data which will execute arbitrary code during unpickling (See https://github.com/pytorch/pytorch/blob/main/SECURITY.md#untrusted-models for more details). In a future release, the default value for `weights_only` will be flipped to `True`. This limits the functions that could be executed during unpickling. Arbitrary objects will no longer be allowed to be loaded via this mode unless they are explicitly allowlisted by the user via `torch.serialization.add_safe_globals`. We recommend you start setting `weights_only=True` for any use case where you don't have full control of the loaded file. Please open an issue on GitHub for any issues related to this experimental feature.
  state = torch.load(path, map_location='cpu')
Load model.state_dict, {'missed': ['decoder.input_proj.3.conv.weight', 'decoder.input_proj.3.norm.weight', 'decoder.input_proj.3.norm.bias', 'decoder.input_proj.3.norm.running_mean', 'decoder.input_proj.3.norm.running_var', 'decoder.input_proj.3.norm.num_batches_tracked', 'encoder.input_proj.3.conv.weight', 'encoder.input_proj.3.norm.weight', 'encoder.input_proj.3.norm.bias', 'encoder.input_proj.3.norm.running_mean', 'encoder.input_proj.3.norm.running_var', 'encoder.input_proj.3.norm.num_batches_tracked', 'encoder.ccm.stem.0.weight', 'encoder.ccm.stem.1.weight', 'encoder.ccm.stem.1.bias', 'encoder.ccm.stem.1.running_mean', 'encoder.ccm.stem.1.running_var', 'encoder.ccm.stem.1.num_batches_tracked', 'encoder.ccm.stem.3.weight', 'encoder.ccm.stem.4.weight', 'encoder.ccm.stem.4.bias', 'encoder.ccm.stem.4.running_mean', 'encoder.ccm.stem.4.running_var', 'encoder.ccm.stem.4.num_batches_tracked', 'encoder.ccm.stem.6.weight', 'encoder.ccm.stem.7.weight', 'encoder.ccm.stem.7.bias', 'encoder.ccm.stem.7.running_mean', 'encoder.ccm.stem.7.running_var', 'encoder.ccm.stem.7.num_batches_tracked', 'encoder.ccm.density_head.0.weight', 'encoder.ccm.density_head.1.weight', 'encoder.ccm.density_head.1.bias', 'encoder.ccm.density_head.1.running_mean', 'encoder.ccm.density_head.1.running_var', 'encoder.ccm.density_head.1.num_batches_tracked', 'encoder.ccm.density_head.3.weight', 'encoder.ccm.density_head.3.bias', 'encoder.ccm.cls_head.weight', 'encoder.ccm.cls_head.bias', 'encoder.cgfe.alpha', 'encoder.lateral_convs.2.conv.weight', 'encoder.lateral_convs.2.norm.weight', 'encoder.lateral_convs.2.norm.bias', 'encoder.lateral_convs.2.norm.running_mean', 'encoder.lateral_convs.2.norm.running_var', 'encoder.lateral_convs.2.norm.num_batches_tracked', 'encoder.fpn_blocks.2.conv1.conv.weight', 'encoder.fpn_blocks.2.conv1.norm.weight', 'encoder.fpn_blocks.2.conv1.norm.bias', 'encoder.fpn_blocks.2.conv1.norm.running_mean', 'encoder.fpn_blocks.2.conv1.norm.running_var', 'encoder.fpn_blocks.2.conv1.norm.num_batches_tracked', 'encoder.fpn_blocks.2.conv2.conv.weight', 'encoder.fpn_blocks.2.conv2.norm.weight', 'encoder.fpn_blocks.2.conv2.norm.bias', 'encoder.fpn_blocks.2.conv2.norm.running_mean', 'encoder.fpn_blocks.2.conv2.norm.running_var', 'encoder.fpn_blocks.2.conv2.norm.num_batches_tracked', 'encoder.fpn_blocks.2.bottlenecks.0.conv1.conv.weight', 'encoder.fpn_blocks.2.bottlenecks.0.conv1.norm.weight', 'encoder.fpn_blocks.2.bottlenecks.0.conv1.norm.bias', 'encoder.fpn_blocks.2.bottlenecks.0.conv1.norm.running_mean', 'encoder.fpn_blocks.2.bottlenecks.0.conv1.norm.running_var', 'encoder.fpn_blocks.2.bottlenecks.0.conv1.norm.num_batches_tracked', 'encoder.fpn_blocks.2.bottlenecks.0.conv2.conv.weight', 'encoder.fpn_blocks.2.bottlenecks.0.conv2.norm.weight', 'encoder.fpn_blocks.2.bottlenecks.0.conv2.norm.bias', 'encoder.fpn_blocks.2.bottlenecks.0.conv2.norm.running_mean', 'encoder.fpn_blocks.2.bottlenecks.0.conv2.norm.running_var', 'encoder.fpn_blocks.2.bottlenecks.0.conv2.norm.num_batches_tracked', 'encoder.fpn_blocks.2.bottlenecks.1.conv1.conv.weight', 'encoder.fpn_blocks.2.bottlenecks.1.conv1.norm.weight', 'encoder.fpn_blocks.2.bottlenecks.1.conv1.norm.bias', 'encoder.fpn_blocks.2.bottlenecks.1.conv1.norm.running_mean', 'encoder.fpn_blocks.2.bottlenecks.1.conv1.norm.running_var', 'encoder.fpn_blocks.2.bottlenecks.1.conv1.norm.num_batches_tracked', 'encoder.fpn_blocks.2.bottlenecks.1.conv2.conv.weight', 'encoder.fpn_blocks.2.bottlenecks.1.conv2.norm.weight', 'encoder.fpn_blocks.2.bottlenecks.1.conv2.norm.bias', 'encoder.fpn_blocks.2.bottlenecks.1.conv2.norm.running_mean', 'encoder.fpn_blocks.2.bottlenecks.1.conv2.norm.running_var', 'encoder.fpn_blocks.2.bottlenecks.1.conv2.norm.num_batches_tracked', 'encoder.fpn_blocks.2.bottlenecks.2.conv1.conv.weight', 'encoder.fpn_blocks.2.bottlenecks.2.conv1.norm.weight', 'encoder.fpn_blocks.2.bottlenecks.2.conv1.norm.bias', 'encoder.fpn_blocks.2.bottlenecks.2.conv1.norm.running_mean', 'encoder.fpn_blocks.2.bottlenecks.2.conv1.norm.running_var', 'encoder.fpn_blocks.2.bottlenecks.2.conv1.norm.num_batches_tracked', 'encoder.fpn_blocks.2.bottlenecks.2.conv2.conv.weight', 'encoder.fpn_blocks.2.bottlenecks.2.conv2.norm.weight', 'encoder.fpn_blocks.2.bottlenecks.2.conv2.norm.bias', 'encoder.fpn_blocks.2.bottlenecks.2.conv2.norm.running_mean', 'encoder.fpn_blocks.2.bottlenecks.2.conv2.norm.running_var', 'encoder.fpn_blocks.2.bottlenecks.2.conv2.norm.num_batches_tracked', 'encoder.downsample_convs.2.conv.weight', 'encoder.downsample_convs.2.norm.weight', 'encoder.downsample_convs.2.norm.bias', 'encoder.downsample_convs.2.norm.running_mean', 'encoder.downsample_convs.2.norm.running_var', 'encoder.downsample_convs.2.norm.num_batches_tracked', 'encoder.pan_blocks.2.conv1.conv.weight', 'encoder.pan_blocks.2.conv1.norm.weight', 'encoder.pan_blocks.2.conv1.norm.bias', 'encoder.pan_blocks.2.conv1.norm.running_mean', 'encoder.pan_blocks.2.conv1.norm.running_var', 'encoder.pan_blocks.2.conv1.norm.num_batches_tracked', 'encoder.pan_blocks.2.conv2.conv.weight', 'encoder.pan_blocks.2.conv2.norm.weight', 'encoder.pan_blocks.2.conv2.norm.bias', 'encoder.pan_blocks.2.conv2.norm.running_mean', 'encoder.pan_blocks.2.conv2.norm.running_var', 'encoder.pan_blocks.2.conv2.norm.num_batches_tracked', 'encoder.pan_blocks.2.bottlenecks.0.conv1.conv.weight', 'encoder.pan_blocks.2.bottlenecks.0.conv1.norm.weight', 'encoder.pan_blocks.2.bottlenecks.0.conv1.norm.bias', 'encoder.pan_blocks.2.bottlenecks.0.conv1.norm.running_mean', 'encoder.pan_blocks.2.bottlenecks.0.conv1.norm.running_var', 'encoder.pan_blocks.2.bottlenecks.0.conv1.norm.num_batches_tracked', 'encoder.pan_blocks.2.bottlenecks.0.conv2.conv.weight', 'encoder.pan_blocks.2.bottlenecks.0.conv2.norm.weight', 'encoder.pan_blocks.2.bottlenecks.0.conv2.norm.bias', 'encoder.pan_blocks.2.bottlenecks.0.conv2.norm.running_mean', 'encoder.pan_blocks.2.bottlenecks.0.conv2.norm.running_var', 'encoder.pan_blocks.2.bottlenecks.0.conv2.norm.num_batches_tracked', 'encoder.pan_blocks.2.bottlenecks.1.conv1.conv.weight', 'encoder.pan_blocks.2.bottlenecks.1.conv1.norm.weight', 'encoder.pan_blocks.2.bottlenecks.1.conv1.norm.bias', 'encoder.pan_blocks.2.bottlenecks.1.conv1.norm.running_mean', 'encoder.pan_blocks.2.bottlenecks.1.conv1.norm.running_var', 'encoder.pan_blocks.2.bottlenecks.1.conv1.norm.num_batches_tracked', 'encoder.pan_blocks.2.bottlenecks.1.conv2.conv.weight', 'encoder.pan_blocks.2.bottlenecks.1.conv2.norm.weight', 'encoder.pan_blocks.2.bottlenecks.1.conv2.norm.bias', 'encoder.pan_blocks.2.bottlenecks.1.conv2.norm.running_mean', 'encoder.pan_blocks.2.bottlenecks.1.conv2.norm.running_var', 'encoder.pan_blocks.2.bottlenecks.1.conv2.norm.num_batches_tracked', 'encoder.pan_blocks.2.bottlenecks.2.conv1.conv.weight', 'encoder.pan_blocks.2.bottlenecks.2.conv1.norm.weight', 'encoder.pan_blocks.2.bottlenecks.2.conv1.norm.bias', 'encoder.pan_blocks.2.bottlenecks.2.conv1.norm.running_mean', 'encoder.pan_blocks.2.bottlenecks.2.conv1.norm.running_var', 'encoder.pan_blocks.2.bottlenecks.2.conv1.norm.num_batches_tracked', 'encoder.pan_blocks.2.bottlenecks.2.conv2.conv.weight', 'encoder.pan_blocks.2.bottlenecks.2.conv2.norm.weight', 'encoder.pan_blocks.2.bottlenecks.2.conv2.norm.bias', 'encoder.pan_blocks.2.bottlenecks.2.conv2.norm.running_mean', 'encoder.pan_blocks.2.bottlenecks.2.conv2.norm.running_var', 'encoder.pan_blocks.2.bottlenecks.2.conv2.norm.num_batches_tracked'], 'unmatched': ['decoder.anchors', 'decoder.valid_mask', 'decoder.decoder.layers.0.cross_attn.num_points_scale', 'decoder.decoder.layers.0.cross_attn.sampling_offsets.weight', 'decoder.decoder.layers.0.cross_attn.sampling_offsets.bias', 'decoder.decoder.layers.0.cross_attn.attention_weights.weight', 'decoder.decoder.layers.0.cross_attn.attention_weights.bias', 'decoder.decoder.layers.1.cross_attn.num_points_scale', 'decoder.decoder.layers.1.cross_attn.sampling_offsets.weight', 'decoder.decoder.layers.1.cross_attn.sampling_offsets.bias', 'decoder.decoder.layers.1.cross_attn.attention_weights.weight', 'decoder.decoder.layers.1.cross_attn.attention_weights.bias', 'decoder.decoder.layers.2.cross_attn.num_points_scale', 'decoder.decoder.layers.2.cross_attn.sampling_offsets.weight', 'decoder.decoder.layers.2.cross_attn.sampling_offsets.bias', 'decoder.decoder.layers.2.cross_attn.attention_weights.weight', 'decoder.decoder.layers.2.cross_attn.attention_weights.bias', 'decoder.decoder.layers.3.cross_attn.num_points_scale', 'decoder.decoder.layers.3.cross_attn.sampling_offsets.weight', 'decoder.decoder.layers.3.cross_attn.sampling_offsets.bias', 'decoder.decoder.layers.3.cross_attn.attention_weights.weight', 'decoder.decoder.layers.3.cross_attn.attention_weights.bias', 'decoder.decoder.layers.4.cross_attn.num_points_scale', 'decoder.decoder.layers.4.cross_attn.sampling_offsets.weight', 'decoder.decoder.layers.4.cross_attn.sampling_offsets.bias', 'decoder.decoder.layers.4.cross_attn.attention_weights.weight', 'decoder.decoder.layers.4.cross_attn.attention_weights.bias', 'decoder.decoder.layers.5.cross_attn.num_points_scale', 'decoder.decoder.layers.5.cross_attn.sampling_offsets.weight', 'decoder.decoder.layers.5.cross_attn.sampling_offsets.bias', 'decoder.decoder.layers.5.cross_attn.attention_weights.weight', 'decoder.decoder.layers.5.cross_attn.attention_weights.bias', 'decoder.denoising_class_embed.weight', 'decoder.enc_score_head.weight', 'decoder.enc_score_head.bias', 'decoder.dec_score_head.0.weight', 'decoder.dec_score_head.0.bias', 'decoder.dec_score_head.1.weight', 'decoder.dec_score_head.1.bias', 'decoder.dec_score_head.2.weight', 'decoder.dec_score_head.2.bias', 'decoder.dec_score_head.3.weight', 'decoder.dec_score_head.3.bias', 'decoder.dec_score_head.4.weight', 'decoder.dec_score_head.4.bias', 'decoder.dec_score_head.5.weight', 'decoder.dec_score_head.5.bias', 'encoder.input_proj.0.conv.weight', 'encoder.input_proj.1.conv.weight', 'encoder.input_proj.2.conv.weight']}
/home/wang.kui/proj/RTDETR/DQ_RTDETRv2_P2/rtdetrv2_pytorch/tools/../src/core/workspace.py:179: FutureWarning: `torch.cuda.amp.GradScaler(args...)` is deprecated. Please use `torch.amp.GradScaler('cuda', args...)` instead.
  return module(**module_kwargs)
Initial lr: [5e-06, 2.5e-05, 2.5e-05]
building train_dataloader with batch_size=2...
/home/wang.kui/proj/RTDETR/DQ_RTDETRv2_P2/rtdetrv2_pytorch/tools/../src/core/workspace.py:179: FutureWarning: `torch.cuda.amp.GradScaler(args...)` is deprecated. Please use `torch.amp.GradScaler('cuda', args...)` instead.
  return module(**module_kwargs)
building val_dataloader with batch_size=4...
number of trainable parameters: 50039851
Epoch: [0]  [   0/1618]  eta: 1:06:49  lr: 0.000000  loss: 36.2267 (36.2267)  loss_bbox: 0.4234 (0.4234)  loss_bbox_aux_0: 0.3924 (0.3924)  loss_bbox_aux_1: 0.3925 (0.3925)  loss_bbox_aux_2: 0.3980 (0.3980)  loss_bbox_aux_3: 0.4291 (0.4291)  loss_bbox_aux_4: 0.4365 (0.4365)  loss_bbox_dn_0: 0.3491 (0.3491)  loss_bbox_dn_1: 0.4157 (0.4157)  loss_bbox_dn_2: 0.4688 (0.4688)  loss_bbox_dn_3: 0.5588 (0.5588)  loss_bbox_dn_4: 0.6157 (0.6157)  loss_bbox_dn_5: 0.6157 (0.6157)  loss_bbox_enc_0: 0.3857 (0.3857)  loss_count: 0.2692 (0.2692)  loss_giou: 1.8476 (1.8476)  loss_giou_aux_0: 1.6789 (1.6789)  loss_giou_aux_1: 1.6864 (1.6864)  loss_giou_aux_2: 1.7324 (1.7324)  loss_giou_aux_3: 1.7766 (1.7766)  loss_giou_aux_4: 1.8384 (1.8384)  loss_giou_dn_0: 1.8966 (1.8966)  loss_giou_dn_1: 2.2133 (2.2133)  loss_giou_dn_2: 2.3325 (2.3325)  loss_giou_dn_3: 2.5302 (2.5302)  loss_giou_dn_4: 2.6543 (2.6543)  loss_giou_dn_5: 2.6543 (2.6543)  loss_giou_enc_0: 1.7141 (1.7141)  loss_vfl: 0.2829 (0.2829)  loss_vfl_aux_0: 0.3619 (0.3619)  loss_vfl_aux_1: 0.4064 (0.4064)  loss_vfl_aux_2: 0.3941 (0.3941)  loss_vfl_aux_3: 0.2695 (0.2695)  loss_vfl_aux_4: 0.2896 (0.2896)  loss_vfl_dn_0: 0.3509 (0.3509)  loss_vfl_dn_1: 0.2595 (0.2595)  loss_vfl_dn_2: 0.2202 (0.2202)  loss_vfl_dn_3: 0.1404 (0.1404)  loss_vfl_dn_4: 0.1140 (0.1140)  loss_vfl_dn_5: 0.1115 (0.1115)  loss_vfl_enc_0: 0.3195 (0.3195)  time: 2.4783  data: 0.9397  max mem: 5644
[rank1]: Traceback (most recent call last):
[rank1]:   File "/home/wang.kui/proj/RTDETR/DQ_RTDETRv2_P2/rtdetrv2_pytorch/tools/train.py", line 65, in <module>
[rank1]:     main(args)
[rank1]:   File "/home/wang.kui/proj/RTDETR/DQ_RTDETRv2_P2/rtdetrv2_pytorch/tools/train.py", line 35, in main
[rank1]:     solver.fit()
[rank1]:   File "/home/wang.kui/proj/RTDETR/DQ_RTDETRv2_P2/rtdetrv2_pytorch/tools/../src/solver/det_solver.py", line 42, in fit
[rank1]:     train_stats = train_one_epoch(
[rank1]:   File "/home/wang.kui/proj/RTDETR/DQ_RTDETRv2_P2/rtdetrv2_pytorch/tools/../src/solver/det_engine.py", line 48, in train_one_epoch
[rank1]:     outputs = model(samples, targets=targets)
[rank1]:   File "/home/wang.kui/conda/envs/RTDETR/lib/python3.9/site-packages/torch/nn/modules/module.py", line 1736, in _wrapped_call_impl
[rank1]:     return self._call_impl(*args, **kwargs)
[rank1]:   File "/home/wang.kui/conda/envs/RTDETR/lib/python3.9/site-packages/torch/nn/modules/module.py", line 1747, in _call_impl
[rank1]:     return forward_call(*args, **kwargs)
[rank1]:   File "/home/wang.kui/conda/envs/RTDETR/lib/python3.9/site-packages/torch/nn/parallel/distributed.py", line 1639, in forward
[rank1]:     inputs, kwargs = self._pre_forward(*inputs, **kwargs)
[rank1]:   File "/home/wang.kui/conda/envs/RTDETR/lib/python3.9/site-packages/torch/nn/parallel/distributed.py", line 1528, in _pre_forward
[rank1]:     if torch.is_grad_enabled() and self.reducer._rebuild_buckets():
[rank1]: RuntimeError: Expected to have finished reduction in the prior iteration before starting a new one. This error indicates that your module has parameters that were not used in producing loss. You can enable unused parameter detection by passing the keyword argument `find_unused_parameters=True` to `torch.nn.parallel.DistributedDataParallel`, and by 
[rank1]: making sure all `forward` function outputs participate in calculating loss. 
[rank1]: If you already have done the above, then the distributed data parallel module wasn't able to locate the output tensors in the return value of your module's `forward` function. Please include the loss function and the structure of the return value of `forward` of your module when reporting this issue (e.g. list, dict, iterable).
[rank1]: Parameter indices which did not receive grad for rank 1: 301
[rank1]:  In addition, you can set the environment variable TORCH_DISTRIBUTED_DEBUG to either INFO or DETAIL to print out information about which particular parameters did not receive gradient on this rank as part of this error
[rank0]: Traceback (most recent call last):
[rank0]:   File "/home/wang.kui/proj/RTDETR/DQ_RTDETRv2_P2/rtdetrv2_pytorch/tools/train.py", line 65, in <module>
[rank0]:     main(args)
[rank0]:   File "/home/wang.kui/proj/RTDETR/DQ_RTDETRv2_P2/rtdetrv2_pytorch/tools/train.py", line 35, in main
[rank0]:     solver.fit()
[rank0]:   File "/home/wang.kui/proj/RTDETR/DQ_RTDETRv2_P2/rtdetrv2_pytorch/tools/../src/solver/det_solver.py", line 42, in fit
[rank0]:     train_stats = train_one_epoch(
[rank0]:   File "/home/wang.kui/proj/RTDETR/DQ_RTDETRv2_P2/rtdetrv2_pytorch/tools/../src/solver/det_engine.py", line 48, in train_one_epoch
[rank0]:     outputs = model(samples, targets=targets)
[rank0]:   File "/home/wang.kui/conda/envs/RTDETR/lib/python3.9/site-packages/torch/nn/modules/module.py", line 1736, in _wrapped_call_impl
[rank0]:     return self._call_impl(*args, **kwargs)
[rank0]:   File "/home/wang.kui/conda/envs/RTDETR/lib/python3.9/site-packages/torch/nn/modules/module.py", line 1747, in _call_impl
[rank0]:     return forward_call(*args, **kwargs)
[rank0]:   File "/home/wang.kui/conda/envs/RTDETR/lib/python3.9/site-packages/torch/nn/parallel/distributed.py", line 1639, in forward
[rank0]:     inputs, kwargs = self._pre_forward(*inputs, **kwargs)
[rank0]:   File "/home/wang.kui/conda/envs/RTDETR/lib/python3.9/site-packages/torch/nn/parallel/distributed.py", line 1528, in _pre_forward
[rank0]:     if torch.is_grad_enabled() and self.reducer._rebuild_buckets():
[rank0]: RuntimeError: Expected to have finished reduction in the prior iteration before starting a new one. This error indicates that your module has parameters that were not used in producing loss. You can enable unused parameter detection by passing the keyword argument `find_unused_parameters=True` to `torch.nn.parallel.DistributedDataParallel`, and by 
[rank0]: making sure all `forward` function outputs participate in calculating loss. 
[rank0]: If you already have done the above, then the distributed data parallel module wasn't able to locate the output tensors in the return value of your module's `forward` function. Please include the loss function and the structure of the return value of `forward` of your module when reporting this issue (e.g. list, dict, iterable).
[rank0]: Parameter indices which did not receive grad for rank 0: 301
[rank0]:  In addition, you can set the environment variable TORCH_DISTRIBUTED_DEBUG to either INFO or DETAIL to print out information about which particular parameters did not receive gradient on this rank as part of this error
W0604 05:02:27.746980 1999032 site-packages/torch/distributed/elastic/multiprocessing/api.py:897] Sending process 1999104 closing signal SIGTERM
E0604 05:02:27.763895 1999032 site-packages/torch/distributed/elastic/multiprocessing/api.py:869] failed (exitcode: 1) local_rank: 0 (pid: 1999103) of binary: /home/wang.kui/conda/envs/RTDETR/bin/python3.9
Traceback (most recent call last):
  File "/home/wang.kui/conda/envs/RTDETR/bin/torchrun", line 6, in <module>
    sys.exit(main())
  File "/home/wang.kui/conda/envs/RTDETR/lib/python3.9/site-packages/torch/distributed/elastic/multiprocessing/errors/__init__.py", line 355, in wrapper
    return f(*args, **kwargs)
  File "/home/wang.kui/conda/envs/RTDETR/lib/python3.9/site-packages/torch/distributed/run.py", line 919, in main
    run(args)
  File "/home/wang.kui/conda/envs/RTDETR/lib/python3.9/site-packages/torch/distributed/run.py", line 910, in run
    elastic_launch(
  File "/home/wang.kui/conda/envs/RTDETR/lib/python3.9/site-packages/torch/distributed/launcher/api.py", line 138, in __call__
    return launch_agent(self._config, self._entrypoint, list(args))
  File "/home/wang.kui/conda/envs/RTDETR/lib/python3.9/site-packages/torch/distributed/launcher/api.py", line 269, in launch_agent
    raise ChildFailedError(
torch.distributed.elastic.multiprocessing.errors.ChildFailedError: 
============================================================
tools/train.py FAILED
------------------------------------------------------------
Failures:
  <NO_OTHER_FAILURES>
------------------------------------------------------------
Root Cause (first observed failure):
[0]:
  time      : 2026-06-04_05:02:27
  host      : ps
  rank      : 0 (local_rank: 0)
  exitcode  : 1 (pid: 1999103)
  error_file: <N/A>
  traceback : To enable traceback see: https://pytorch.org/docs/stable/elastic/errors.html
============================================================
ERROR conda.cli.main_run:execute(127): `conda run torchrun --master_port=29623 --nproc_per_node=2 tools/train.py -c configs/rtdetrv2/rtdetrv2_r50vd_6x_visdrone_p2_dq_a1_count.yml -t /home/wang.kui/proj/RTDETR/RT-DETR_copy copy/rtdetrv2_r50vd_6x_coco_ema.pth --use-amp --seed=0` failed. (See above for error)
